// Jest Snapshot v1, https://goo.gl/fbAQLP

exports[`HelpModal tests... renders correctly 1`] = `
<div
  aria-hidden="true"
>
  <div
    class="container"
  />
</div>
`;
